// Jest Snapshot v1, https://goo.gl/fbAQLP

exports[`1. read data from database 1`] = `
Object {
  "feedbackCycleMetrics": Array [
    Object {
      "experienceId": 803,
      "experienceName": "Global Trade Accelerator - Sanjaya Test",
      "feedbackAcknowledge": 0,
      "feedbackGiven": 0,
      "feedbackRequested": 0,
      "hideOrLock": 0,
      "milestoneId": 6922,
      "milestoneName": "GETTING STARTED",
      "unsubmittedAssessmentCount": 24,
      "visibleNotComplete": 24,
    },
    Object {
      "experienceId": 803,
      "experienceName": "Global Trade Accelerator - Sanjaya Test",
      "feedbackAcknowledge": 0,
      "feedbackGiven": 0,
      "feedbackRequested": 0,
      "hideOrLock": 0,
      "milestoneId": 6928,
      "milestoneName": "Hello",
      "unsubmittedAssessmentCount": 7,
      "visibleNotComplete": 7,
    },
    Object {
      "experienceId": 803,
      "experienceName": "Global Trade Accelerator - Sanjaya Test",
      "feedbackAcknowledge": 0,
      "feedbackGiven": 0,
      "feedbackRequested": 0,
      "hideOrLock": 7,
      "milestoneId": 6925,
      "milestoneName": "WEEK 1 - DRAFT REPORT",
      "unsubmittedAssessmentCount": 7,
      "visibleNotComplete": 0,
    },
    Object {
      "experienceId": 803,
      "experienceName": "Global Trade Accelerator - Sanjaya Test",
      "feedbackAcknowledge": 0,
      "feedbackGiven": 0,
      "feedbackRequested": 0,
      "hideOrLock": 7,
      "milestoneId": 6926,
      "milestoneName": "WEEK 2 - FINAL REPORT",
      "unsubmittedAssessmentCount": 7,
      "visibleNotComplete": 0,
    },
  ],
  "funnelMetrics": Object {
    "acknowledgeMeanTime": 0,
    "assessmentWaitingReview": 3,
    "assessmentsSubmitted": 4,
    "expertsReviews": 0,
    "feedbackAcknowledgement": 0,
    "feedbackGiven": 0,
    "feedbackMeanTime": 120.981666666667,
    "feedbackQuality": 0,
    "feedbackRequested": 4,
    "lateAssessmentSubmissions": 0,
    "lateAssessments": 0,
    "overdueReviews": 3,
    "unassignedReviews": 1,
    "unsubmittedAssessmentCount": 45,
    "waitingAcknowledgement": 49,
  },
  "lastUpdated": 1658346701023,
  "overviewMetrics": Object {
    "confidence": 0,
    "engagement": 0,
    "enrolmentsPending": 2,
    "learners": 7,
    "lowConfidenceLearners": 0,
    "lowEngagementLearners": 0,
    "lowSatisfactionLearners": 0,
    "progress": 3,
    "satisfaction": 0,
  },
}
`;
